// Jest Snapshot v1, https://goo.gl/fbAQLP

exports[`MappingPicker tests renders correctly 1`] = `
<WithStyles(WithFormControlContext(Select))
  disableUnderline={true}
  onChange={[Function]}
  value="2"
/>
`;
